
------ Insert Sort ------

Vector is sorted. OK :-)

Sorting time: 0.000000 seconds.

Operations using positions:
 Comparisons: 5
 Swaps: 0
 Moves: 4
 Value Gets: 3
 Value Sets: 3

Operations using iterators:
 Comparisons: 0
 Swaps: 0
 Moves: 0
 Value Gets: 0
 Value Sets: 0

------ Shell Sort ------
h: 1
5 3 6 1 
3 5 . . 
3 5 6 . 
1 3 5 6 


Vector is sorted. OK :-)

Sorting time: 0.000000 seconds.

Operations using positions:
 Comparisons: 5
 Swaps: 0
 Moves: 4
 Value Gets: 3
 Value Sets: 3

Operations using iterators:
 Comparisons: 0
 Swaps: 0
 Moves: 0
 Value Gets: 0
 Value Sets: 0

------ Quick Sort ------
5 3 6 1 
. . 6 5 

Vector is sorted. OK :-)

Sorting time: 0.000000 seconds.

Operations using positions:
 Comparisons: 7
 Swaps: 3
 Moves: 0
 Value Gets: 2
 Value Sets: 0

Operations using iterators:
 Comparisons: 0
 Swaps: 0
 Moves: 0
 Value Gets: 0
 Value Sets: 0

------ Quick Sort with span ------
5 3 6 1 
. . 6 5 

Vector is sorted. OK :-)

Sorting time: 0.000000 seconds.

Operations using positions:
 Comparisons: 7
 Swaps: 3
 Moves: 0
 Value Gets: 2
 Value Sets: 0

Operations using iterators:
 Comparisons: 0
 Swaps: 0
 Moves: 0
 Value Gets: 6
 Value Sets: 0
