
------ Insert Sort ------

Vector is sorted. OK :-)

Sorting time: 0.000000 seconds.

Operations using positions:
 Comparisons: 5
 Swaps: 0
 Moves: 4
 Value Gets: 3
 Value Sets: 3

Operations using iterators:
 Comparisons: 0
 Swaps: 0
 Moves: 0
 Value Gets: 0
 Value Sets: 0

------ Shell Sort ------

Vector is sorted. OK :-)

Sorting time: 0.000000 seconds.

Operations using positions:
 Comparisons: 5
 Swaps: 0
 Moves: 4
 Value Gets: 3
 Value Sets: 3

Operations using iterators:
 Comparisons: 0
 Swaps: 0
 Moves: 0
 Value Gets: 0
 Value Sets: 0

------ Quick Sort ------

Vector is sorted. OK :-)

Sorting time: 0.000000 seconds.

Operations using positions:
 Comparisons: 7
 Swaps: 3
 Moves: 0
 Value Gets: 2
 Value Sets: 0

Operations using iterators:
 Comparisons: 0
 Swaps: 0
 Moves: 0
 Value Gets: 0
 Value Sets: 0

------ Heap Sort (iterators, top_down) ------

Vector is sorted. OK :-)

Sorting time: 0.000000 seconds.

Operations using positions:
 Comparisons: 0
 Swaps: 0
 Moves: 0
 Value Gets: 0
 Value Sets: 0

Operations using iterators:
 Comparisons: 6
 Swaps: 0
 Moves: 6
 Value Gets: 5
 Value Sets: 5

------ Heap Sort (no iterators, top_down) ------

Vector is sorted. OK :-)

Sorting time: 0.000000 seconds.

Operations using positions:
 Comparisons: 6
 Swaps: 0
 Moves: 6
 Value Gets: 5
 Value Sets: 5

Operations using iterators:
 Comparisons: 0
 Swaps: 0
 Moves: 0
 Value Gets: 0
 Value Sets: 0

------ Merge Sort ------

Vector is sorted. OK :-)

Sorting time: 0.000000 seconds.

Operations using positions:
 Comparisons: 5
 Swaps: 0
 Moves: 8
 Value Gets: 0
 Value Sets: 0

Operations using iterators:
 Comparisons: 0
 Swaps: 0
 Moves: 0
 Value Gets: 0
 Value Sets: 0

------ Merge Sort (with span) ------

Vector is sorted. OK :-)

Sorting time: 0.000000 seconds.

Operations using positions:
 Comparisons: 5
 Swaps: 0
 Moves: 8
 Value Gets: 0
 Value Sets: 0

Operations using iterators:
 Comparisons: 0
 Swaps: 0
 Moves: 0
 Value Gets: 0
 Value Sets: 0
